#########
#      .#
#       #
#  $    #
#       #
#   @   #
#       #
#########
1791
[LEFT, UP, LEFT]
#########
#    @. #
#       #
#  $    #
#       #
#   @   #
#       #
#########

1791
[DOWN]
#########
#       #
#      .#
#  $   @#
#       #
#   @   #
#       #
#########

1759
[LEFT]
#########
#    @. #
#       #
#  $    #
#       #
#   @   #
#       #
#########

1759
[DOWN, RIGHT, DOWN]
#########
#       #
#      .#
#  $   @#
#       #
#   @   #
#       #
#########

1727
[DOWN, RIGHT, DOWN]
#########
#       #
#     . #
#  $  @ #
#       #
#   @   #
#       #
#########

1727
[LEFT]
#########
#   @.  #
#       #
#  $    #
#       #
#   @   #
#       #
#########

2783
[LEFT, UP, LEFT]
#########
#       #
#    @. #
#  $    #
#       #
#   @   #
#       #
#########

2783
[DOWN]
#########
#       #
#       #
#  $   .#
#      @#
#   @   #
#       #
#########

2751
[LEFT, UP, LEFT]
#########
#       #
#   @.  #
#  $    #
#       #
#   @   #
#       #
#########

2751
[DOWN]
#########
#       #
#       #
#  $  . #
#     @ #
#   @   #
#       #
#########

1695
[DOWN, RIGHT, DOWN]
#########
#       #
#    .  #
#  $ @  #
#       #
#   @   #
#       #
#########

1695
[LEFT]
#########
#  @.   #
#       #
#  $    #
#       #
#   @   #
#       #
#########

1695
[RIGHT, UP, RIGHT, RIGHT, DOWN]
#########
#     .@#
#       #
#  $    #
#       #
#   @   #
#       #
#########

1729
[DOWN, LEFT, DOWN]
#########
#       #
#     . #
#  $  @ #
#       #
#   @   #
#       #
#########

1729
[LEFT, UP, LEFT, LEFT, DOWN]
#########
#   @.  #
#       #
#  $    #
#       #
#   @   #
#       #
#########

2719
[LEFT]
#########
#       #
#   @.  #
#  $    #
#       #
#   @   #
#       #
#########

2719
[DOWN, RIGHT, DOWN]
#########
#       #
#       #
#  $  . #
#     @ #
#   @   #
#       #
#########

3775
[DOWN]
#########
#       #
#       #
#  $    #
#      .#
#   @  @#
#       #
#########

3775
[UP, RIGHT, UP, UP, LEFT]
#########
#      @#
#      .#
#  $    #
#       #
#   @   #
#       #
#########

3775
[LEFT, UP, LEFT]
#########
#       #
#       #
#  $ @. #
#       #
#   @   #
#       #
#########

4767
[DOWN]
#########
#       #
#       #
#  $    #
#       #
#   @  .#
#      @#
#########

4767
[LEFT, UP, LEFT]
#########
#       #
#       #
#  $    #
#    @. #
#   @   #
#       #
#########

4767
[UP, RIGHT, UP, UP, LEFT]
#########
#       #
#      @#
#  $   .#
#       #
#   @   #
#       #
#########

5759
[LEFT, UP, LEFT]
#########
#       #
#       #
#  $    #
#       #
#   @@. #
#       #
#########

5759
[UP, RIGHT, UP, UP, LEFT]
#########
#       #
#       #
#  $   @#
#      .#
#   @   #
#       #
#########

5695
[LEFT]
#########
#       #
#       #
#  $    #
#       #
#   @.  #
#       #
#########

5695
[UP, RIGHT, UP]
#########
#       #
#       #
#  $  @ #
#     . #
#   @   #
#       #
#########

4705
[DOWN, RIGHT, DOWN, DOWN, LEFT]
#########
#       #
#       #
#  $    #
#       #
#   @  .#
#      @#
#########

4705
[LEFT, DOWN, LEFT]
#########
#       #
#       #
#  $    #
#    @. #
#   @   #
#       #
#########

4705
[UP]
#########
#       #
#      @#
#  $   .#
#       #
#   @   #
#       #
#########

2721
[LEFT, DOWN, LEFT]
#########
#       #
#    @. #
#  $    #
#       #
#   @   #
#       #
#########

2721
[DOWN, RIGHT, DOWN, DOWN, LEFT]
#########
#       #
#       #
#  $   .#
#      @#
#   @   #
#       #
#########

5663
[UP, RIGHT, UP]
#########
#       #
#       #
#  $ @  #
#    .  #
#   @   #
#       #
#########

5663
[LEFT]
#########
#       #
#       #
#  $    #
#       #
#  @.   #
#       #
#########

5663
[RIGHT, DOWN, RIGHT, RIGHT, UP]
#########
#       #
#       #
#  $    #
#       #
#   @ .@#
#       #
#########

5697
[LEFT, DOWN, LEFT, LEFT, UP]
#########
#       #
#       #
#  $    #
#       #
#   @.  #
#       #
#########

5697
[UP, LEFT, UP]
#########
#       #
#       #
#  $  @ #
#     . #
#   @   #
#       #
#########

4673
[LEFT, DOWN, LEFT]
#########
#       #
#       #
#  $    #
#   @.  #
#   @   #
#       #
#########

4673
[DOWN, LEFT, DOWN, DOWN, RIGHT]
#########
#       #
#       #
#  $    #
#       #
#   @ . #
#     @ #
#########

4673
[UP]
#########
#       #
#     @ #
#  $  . #
#       #
#   @   #
#       #
#########

5727
[LEFT, UP, LEFT]
#########
#       #
#       #
#  $    #
#       #
#   @.  #
#       #
#########

5727
[UP, LEFT, UP, UP, RIGHT]
#########
#       #
#       #
#  $  @ #
#     . #
#   @   #
#       #
#########

4703
[LEFT]
#########
#       #
#       #
#  $    #
#   @.  #
#   @   #
#       #
#########

4703
[DOWN, RIGHT, DOWN]
#########
#       #
#       #
#  $    #
#       #
#   @ . #
#     @ #
#########

4703
[UP, RIGHT, UP]
#########
#       #
#     @ #
#  $  . #
#       #
#   @   #
#       #
#########

3713
[DOWN, RIGHT, DOWN, DOWN, LEFT]
#########
#       #
#       #
#  $    #
#      .#
#   @  @#
#       #
#########

3713
[UP]
#########
#      @#
#      .#
#  $    #
#       #
#   @   #
#       #
#########

3713
[LEFT, DOWN, LEFT]
#########
#       #
#       #
#  $ @. #
#       #
#   @   #
#       #
#########

4641
[LEFT, DOWN, LEFT]
#########
#       #
#       #
#  $    #
#  @.   #
#   @   #
#       #
#########

4641
[RIGHT, DOWN, RIGHT]
#########
#       #
#       #
#  $    #
#     .@#
#   @   #
#       #
#########

4641
[DOWN, LEFT, DOWN, DOWN, RIGHT]
#########
#       #
#       #
#  $    #
#       #
#   @.  #
#    @  #
#########

4641
[UP]
#########
#       #
#    @  #
#  $ .  #
#       #
#   @   #
#       #
#########

4705
[LEFT, DOWN, LEFT, LEFT, UP]
#########
#       #
#       #
#  $    #
#   @.  #
#   @   #
#       #
#########

4705
[DOWN, LEFT, DOWN]
#########
#       #
#       #
#  $    #
#       #
#   @ . #
#     @ #
#########

4705
[UP, LEFT, UP]
#########
#       #
#     @ #
#  $  . #
#       #
#   @   #
#       #
#########

5695
[UP, LEFT, UP, UP, RIGHT]
#########
#       #
#       #
#  $ @  #
#    .  #
#   @   #
#       #
#########

5695
[LEFT, UP, LEFT]
#########
#       #
#       #
#  $    #
#       #
#  @.   #
#       #
#########

5695
[RIGHT, UP, RIGHT]
#########
#       #
#       #
#  $    #
#       #
#   @ .@#
#       #
#########

5631
[UP, RIGHT, UP]
#########
#       #
#       #
#  $@   #
#   .   #
#   @   #
#       #
#########

5631
[RIGHT, DOWN, RIGHT, RIGHT, UP]
#########
#       #
#       #
#  $    #
#       #
#   @.@ #
#       #
#########

5631
[LEFT]
#########
#       #
#       #
#  $    #
#       #
# @.@   #
#       #
#########

5665
[UP, LEFT, UP]
#########
#       #
#       #
#  $ @  #
#    .  #
#   @   #
#       #
#########

5665
[LEFT, DOWN, LEFT, LEFT, UP]
#########
#       #
#       #
#  $    #
#       #
#  @.   #
#       #
#########

5665
[RIGHT]
#########
#       #
#       #
#  $    #
#       #
#   @ .@#
#       #
#########

4671
[LEFT]
#########
#       #
#       #
#  $    #
#  @.   #
#   @   #
#       #
#########

4671
[RIGHT, DOWN, RIGHT, RIGHT, UP]
#########
#       #
#       #
#  $    #
#     .@#
#   @   #
#       #
#########

4671
[DOWN, RIGHT, DOWN]
#########
#       #
#       #
#  $    #
#       #
#   @.  #
#    @  #
#########

4671
[UP, RIGHT, UP]
#########
#       #
#    @  #
#  $ .  #
#       #
#   @   #
#       #
#########

3681
[DOWN, LEFT, DOWN, DOWN, RIGHT]
#########
#       #
#       #
#  $    #
#     . #
#   @ @ #
#       #
#########

3681
[UP]
#########
#     @ #
#     . #
#  $    #
#       #
#   @   #
#       #
#########

3681
[LEFT, DOWN, LEFT]
#########
#       #
#       #
#  $@.  #
#       #
#   @   #
#       #
#########

4735
[LEFT, UP, LEFT]
#########
#       #
#       #
#  $    #
#   @.  #
#   @   #
#       #
#########

4735
[DOWN]
#########
#       #
#       #
#  $    #
#       #
#   @ . #
#     @ #
#########

4735
[UP, LEFT, UP, UP, RIGHT]
#########
#       #
#     @ #
#  $  . #
#       #
#   @   #
#       #
#########

2689
[LEFT, DOWN, LEFT]
#########
#       #
#   @.  #
#  $    #
#       #
#   @   #
#       #
#########

2689
[DOWN, LEFT, DOWN, DOWN, RIGHT]
#########
#       #
#       #
#  $  . #
#     @ #
#   @   #
#       #
#########

2687
[LEFT]
#########
#       #
#  @.   #
#  $    #
#       #
#   @   #
#       #
#########

2687
[DOWN, RIGHT, DOWN]
#########
#       #
#       #
#  $ .  #
#    @  #
#   @   #
#       #
#########

2687
[RIGHT, DOWN, RIGHT, RIGHT, UP]
#########
#       #
#     .@#
#  $    #
#       #
#   @   #
#       #
#########

2721
[LEFT, DOWN, LEFT, LEFT, UP]
#########
#       #
#   @.  #
#  $    #
#       #
#   @   #
#       #
#########

2721
[DOWN, LEFT, DOWN]
#########
#       #
#       #
#  $  . #
#     @ #
#   @   #
#       #
#########

3743
[DOWN]
#########
#       #
#       #
#  $    #
#     . #
#   @ @ #
#       #
#########

3743
[UP, LEFT, UP, UP, RIGHT]
#########
#     @ #
#     . #
#  $    #
#       #
#   @   #
#       #
#########

3743
[LEFT, UP, LEFT]
#########
#       #
#       #
#  $@.  #
#       #
#   @   #
#       #
#########

2719
[LEFT, UP, LEFT]
#########
#       #
#  @.   #
#  $    #
#       #
#   @   #
#       #
#########

2719
[DOWN]
#########
#       #
#       #
#  $ .  #
#    @  #
#   @   #
#       #
#########

2719
[RIGHT, UP, RIGHT]
#########
#       #
#     .@#
#  $    #
#       #
#   @   #
#       #
#########

1663
[LEFT]
#########
# @.    #
#       #
#  $    #
#       #
#   @   #
#       #
#########

1663
[RIGHT, UP, RIGHT, RIGHT, DOWN]
#########
#    .@ #
#       #
#  $    #
#       #
#   @   #
#       #
#########

1663
[DOWN, RIGHT, DOWN]
#########
#       #
#   .   #
#  $@   #
#       #
#   @   #
#       #
#########

1697
[DOWN, LEFT, DOWN]
#########
#       #
#    .  #
#  $ @  #
#       #
#   @   #
#       #
#########

1697
[LEFT, UP, LEFT, LEFT, DOWN]
#########
#  @.   #
#       #
#  $    #
#       #
#   @   #
#       #
#########

1697
[RIGHT]
#########
#     .@#
#       #
#  $    #
#       #
#   @   #
#       #
#########

3711
[DOWN, RIGHT, DOWN]
#########
#       #
#       #
#  $    #
#     . #
#   @ @ #
#       #
#########

3711
[UP, RIGHT, UP]
#########
#     @ #
#     . #
#  $    #
#       #
#   @   #
#       #
#########

3711
[LEFT]
#########
#       #
#       #
#  $@.  #
#       #
#   @   #
#       #
#########

2655
[DOWN, RIGHT, DOWN]
#########
#       #
#       #
#  $.   #
#   @   #
#   @   #
#       #
#########

2655
[LEFT]
#########
#       #
# @.    #
#  $    #
#       #
#   @   #
#       #
#########

2655
[RIGHT, DOWN, RIGHT, RIGHT, UP]
#########
#       #
#    .@ #
#  $    #
#       #
#   @   #
#       #
#########

2689
[LEFT, DOWN, LEFT, LEFT, UP]
#########
#       #
#  @.   #
#  $    #
#       #
#   @   #
#       #
#########

2689
[DOWN, LEFT, DOWN]
#########
#       #
#       #
#  $ .  #
#    @  #
#   @   #
#       #
#########

2689
[RIGHT]
#########
#       #
#     .@#
#  $    #
#       #
#   @   #
#       #
#########

3711
[LEFT, UP, LEFT]
#########
#       #
#       #
#  @.   #
#       #
#   @   #
#       #
#########

3711
[DOWN]
#########
#       #
#       #
#  $    #
#    .  #
#   @@  #
#       #
#########

3711
[UP, LEFT, UP, UP, RIGHT]
#########
#    @  #
#    .  #
#  $    #
#       #
#   @   #
#       #
#########

3711
[RIGHT, UP, RIGHT]
#########
#       #
#       #
#  $  .@#
#       #
#   @   #
#       #
#########

4703
[LEFT, UP, LEFT]
#########
#       #
#       #
#  $    #
#  @.   #
#   @   #
#       #
#########

4703
[RIGHT, UP, RIGHT]
#########
#       #
#       #
#  $    #
#     .@#
#   @   #
#       #
#########

4703
[DOWN]
#########
#       #
#       #
#  $    #
#       #
#   @.  #
#    @  #
#########

4703
[UP, LEFT, UP, UP, RIGHT]
#########
#       #
#    @  #
#  $ .  #
#       #
#   @   #
#       #
#########

2657
[LEFT, DOWN, LEFT]
#########
#       #
#  @.   #
#  $    #
#       #
#   @   #
#       #
#########

2657
[DOWN, LEFT, DOWN, DOWN, RIGHT]
#########
#       #
#       #
#  $ .  #
#    @  #
#   @   #
#       #
#########

2657
[RIGHT, DOWN, RIGHT]
#########
#       #
#     .@#
#  $    #
#       #
#   @   #
#       #
#########

3713
[DOWN, LEFT, DOWN]
#########
#       #
#       #
#  $    #
#     . #
#   @ @ #
#       #
#########

3713
[UP, LEFT, UP]
#########
#     @ #
#     . #
#  $    #
#       #
#   @   #
#       #
#########

3713
[LEFT, DOWN, LEFT, LEFT, UP]
#########
#       #
#       #
#  $@.  #
#       #
#   @   #
#       #
#########

4639
[LEFT]
#########
#       #
#       #
#  $    #
# @.    #
#   @   #
#       #
#########

4639
[UP, RIGHT, UP]
#########
#       #
#   @   #
#  $.   #
#       #
#   @   #
#       #
#########

4639
[RIGHT, DOWN, RIGHT, RIGHT, UP]
#########
#       #
#       #
#  $    #
#    .@ #
#   @   #
#       #
#########

4639
[DOWN, RIGHT, DOWN]
#########
#       #
#       #
#  $    #
#       #
#   .   #
#   @   #
#########

4673
[LEFT, DOWN, LEFT, LEFT, UP]
#########
#       #
#       #
#  $    #
#  @.   #
#   @   #
#       #
#########

4673
[RIGHT]
#########
#       #
#       #
#  $    #
#     .@#
#   @   #
#       #
#########

4673
[DOWN, LEFT, DOWN]
#########
#       #
#       #
#  $    #
#       #
#   @.  #
#    @  #
#########

4673
[UP, LEFT, UP]
#########
#       #
#    @  #
#  $ .  #
#       #
#   @   #
#       #
#########

5663
[UP, LEFT, UP, UP, RIGHT]
#########
#       #
#       #
#  $@   #
#   .   #
#   @   #
#       #
#########

5663
[RIGHT, UP, RIGHT]
#########
#       #
#       #
#  $    #
#       #
#   @.@ #
#       #
#########

5663
[LEFT, UP, LEFT]
#########
#       #
#       #
#  $    #
#       #
# @.@   #
#       #
#########

3649
[LEFT, DOWN, LEFT]
#########
#       #
#       #
#  @.   #
#       #
#   @   #
#       #
#########

3649
[DOWN, LEFT, DOWN, DOWN, RIGHT]
#########
#       #
#       #
#  $    #
#    .  #
#   @@  #
#       #
#########

3649
[UP]
#########
#    @  #
#    .  #
#  $    #
#       #
#   @   #
#       #
#########

3649
[RIGHT, DOWN, RIGHT]
#########
#       #
#       #
#  $  .@#
#       #
#   @   #
#       #
#########

4609
[LEFT, DOWN, LEFT]
#########
#       #
#       #
#  $    #
# @.    #
#   @   #
#       #
#########

4609
[UP]
#########
#       #
#   @   #
#  $.   #
#       #
#   @   #
#       #
#########

4609
[RIGHT, DOWN, RIGHT]
#########
#       #
#       #
#  $    #
#    .@ #
#   @   #
#       #
#########

4609
[DOWN, LEFT, DOWN, DOWN, RIGHT]
#########
#       #
#       #
#  $    #
#       #
#   .   #
#   @   #
#########

5599
[LEFT]
#########
#       #
#       #
#  $    #
#       #
#@. @   #
#       #
#########

5599
[UP, RIGHT, UP]
#########
#       #
#       #
#  @    #
#  .    #
#   @   #
#       #
#########

5599
[RIGHT, DOWN, RIGHT, RIGHT, UP]
#########
#       #
#       #
#  $    #
#       #
#   .@  #
#       #
#########

5567
[UP, RIGHT, UP]
#########
#       #
#       #
# @$    #
# .     #
#   @   #
#       #
#########

5567
[RIGHT, DOWN, RIGHT, RIGHT, UP]
#########
#       #
#       #
#  $    #
#       #
#  .@   #
#       #
#########

5633
[UP, LEFT, UP]
#########
#       #
#       #
#  $@   #
#   .   #
#   @   #
#       #
#########

5633
[RIGHT]
#########
#       #
#       #
#  $    #
#       #
#   @.@ #
#       #
#########

5633
[LEFT, DOWN, LEFT, LEFT, UP]
#########
#       #
#       #
#  $    #
#       #
# @.@   #
#       #
#########

4545
[UP]
#########
#       #
# @     #
# .$    #
#       #
#   @   #
#       #
#########

4545
[RIGHT, DOWN, RIGHT]
#########
#       #
#       #
#  $    #
#  .@   #
#   @   #
#       #
#########

4545
[DOWN, LEFT, DOWN, DOWN, RIGHT]
#########
#       #
#       #
#  $    #
#       #
# . @   #
# @     #
#########

5599
[UP, LEFT, UP, UP, RIGHT]
#########
#       #
#       #
# @$    #
# .     #
#   @   #
#       #
#########

5599
[RIGHT, UP, RIGHT]
#########
#       #
#       #
#  $    #
#       #
#  .@   #
#       #
#########

5601
[LEFT, DOWN, LEFT, LEFT, UP]
#########
#       #
#       #
#  $    #
#       #
#@. @   #
#       #
#########

5601
[UP, LEFT, UP]
#########
#       #
#       #
#  @    #
#  .    #
#   @   #
#       #
#########

5601
[RIGHT]
#########
#       #
#       #
#  $    #
#       #
#   .@  #
#       #
#########

3679
[LEFT]
#########
#       #
#       #
#  @.   #
#       #
#   @   #
#       #
#########

3679
[DOWN, RIGHT, DOWN]
#########
#       #
#       #
#  $    #
#    .  #
#   @@  #
#       #
#########

3679
[UP, RIGHT, UP]
#########
#    @  #
#    .  #
#  $    #
#       #
#   @   #
#       #
#########

3679
[RIGHT, DOWN, RIGHT, RIGHT, UP]
#########
#       #
#       #
#  $  .@#
#       #
#   @   #
#       #
#########

1631
[RIGHT, UP, RIGHT, RIGHT, DOWN]
#########
#   .@  #
#       #
#  $    #
#       #
#   @   #
#       #
#########

1631
[DOWN, RIGHT, DOWN]
#########
#       #
#  .    #
#  @    #
#       #
#   @   #
#       #
#########

1631
[LEFT]
#########
#@.     #
#       #
#  $    #
#       #
#   @   #
#       #
#########

1665
[LEFT, UP, LEFT, LEFT, DOWN]
#########
# @.    #
#       #
#  $    #
#       #
#   @   #
#       #
#########

1665
[RIGHT]
#########
#    .@ #
#       #
#  $    #
#       #
#   @   #
#       #
#########

1665
[DOWN, LEFT, DOWN]
#########
#       #
#   .   #
#  $@   #
#       #
#   @   #
#       #
#########

1599
[DOWN, RIGHT, DOWN]
#########
#       #
# .     #
# @$    #
#       #
#   @   #
#       #
#########

1599
[RIGHT, UP, RIGHT, RIGHT, DOWN]
#########
#  .@   #
#       #
#  $    #
#       #
#   @   #
#       #
#########

2623
[RIGHT, UP, RIGHT]
#########
#       #
#  .@   #
#  $    #
#       #
#   @   #
#       #
#########

2623
[DOWN]
#########
#       #
#       #
# .$    #
# @     #
#   @   #
#       #
#########

1633
[RIGHT]
#########
#   .@  #
#       #
#  $    #
#       #
#   @   #
#       #
#########

1633
[DOWN, LEFT, DOWN]
#########
#       #
#  .    #
#  @    #
#       #
#   @   #
#       #
#########

1633
[LEFT, UP, LEFT, LEFT, DOWN]
#########
#@.     #
#       #
#  $    #
#       #
#   @   #
#       #
#########

2687
[DOWN]
#########
#       #
#       #
#  $.   #
#   @   #
#   @   #
#       #
#########

2687
[LEFT, UP, LEFT]
#########
#       #
# @.    #
#  $    #
#       #
#   @   #
#       #
#########

2687
[RIGHT, UP, RIGHT]
#########
#       #
#    .@ #
#  $    #
#       #
#   @   #
#       #
#########

3553
[RIGHT, DOWN, RIGHT]
#########
#       #
#       #
#  *@   #
#       #
#   @   #
#       #
#########

3553
[DOWN, LEFT, DOWN, DOWN, RIGHT]
#########
#       #
#       #
#  $    #
# .     #
# @ @   #
#       #
#########

3553
[UP]
#########
# @     #
# .     #
#  $    #
#       #
#   @   #
#       #
#########

4607
[UP, LEFT, UP, UP, RIGHT]
#########
#       #
# @     #
# .$    #
#       #
#   @   #
#       #
#########

4607
[RIGHT, UP, RIGHT]
#########
#       #
#       #
#  $    #
#  .@   #
#   @   #
#       #
#########

4607
[DOWN]
#########
#       #
#       #
#  $    #
#       #
# . @   #
# @     #
#########

2561
[RIGHT, DOWN, RIGHT]
#########
#       #
#  .@   #
#  $    #
#       #
#   @   #
#       #
#########

2561
[DOWN, LEFT, DOWN, DOWN, RIGHT]
#########
#       #
#       #
# .$    #
# @     #
#   @   #
#       #
#########

4609
[LEFT, DOWN, LEFT, LEFT, UP]
#########
#       #
#       #
#  $    #
#@.     #
#   @   #
#       #
#########

4609
[UP, LEFT, UP]
#########
#       #
#  @    #
#  *    #
#       #
#   @   #
#       #
#########

4609
[RIGHT]
#########
#       #
#       #
#  $    #
#   .@  #
#   @   #
#       #
#########

4609
[DOWN, LEFT, DOWN]
#########
#       #
#       #
#  $    #
#       #
#  .@   #
#  @    #
#########

4575
[UP, RIGHT, UP]
#########
#       #
# @     #
# .$    #
#       #
#   @   #
#       #
#########

4575
[RIGHT, DOWN, RIGHT, RIGHT, UP]
#########
#       #
#       #
#  $    #
#  .@   #
#   @   #
#       #
#########

4575
[DOWN, RIGHT, DOWN]
#########
#       #
#       #
#  $    #
#       #
# . @   #
# @     #
#########

4641
[LEFT, DOWN, LEFT, LEFT, UP]
#########
#       #
#       #
#  $    #
# @.    #
#   @   #
#       #
#########

4641
[UP, LEFT, UP]
#########
#       #
#   @   #
#  $.   #
#       #
#   @   #
#       #
#########

4641
[RIGHT]
#########
#       #
#       #
#  $    #
#    .@ #
#   @   #
#       #
#########

4641
[DOWN, LEFT, DOWN]
#########
#       #
#       #
#  $    #
#       #
#   .   #
#   @   #
#########

5631
[LEFT, UP, LEFT]
#########
#       #
#       #
#  $    #
#       #
#@. @   #
#       #
#########

5631
[UP, LEFT, UP, UP, RIGHT]
#########
#       #
#       #
#  @    #
#  .    #
#   @   #
#       #
#########

5631
[RIGHT, UP, RIGHT]
#########
#       #
#       #
#  $    #
#       #
#   .@  #
#       #
#########

3617
[LEFT, DOWN, LEFT]
#########
#       #
#       #
# @*    #
#       #
#   @   #
#       #
#########

3617
[DOWN, LEFT, DOWN, DOWN, RIGHT]
#########
#       #
#       #
#  $    #
#   .   #
#   @   #
#       #
#########

3617
[RIGHT, DOWN, RIGHT]
#########
#       #
#       #
#  $ .@ #
#       #
#   @   #
#       #
#########

3617
[UP]
#########
#   @   #
#   .   #
#  $    #
#       #
#   @   #
#       #
#########

4671
[LEFT, UP, LEFT]
#########
#       #
#       #
#  $    #
# @.    #
#   @   #
#       #
#########

4671
[UP, LEFT, UP, UP, RIGHT]
#########
#       #
#   @   #
#  $.   #
#       #
#   @   #
#       #
#########

4671
[RIGHT, UP, RIGHT]
#########
#       #
#       #
#  $    #
#    .@ #
#   @   #
#       #
#########

4671
[DOWN]
#########
#       #
#       #
#  $    #
#       #
#   .   #
#   @   #
#########

3681
[LEFT, DOWN, LEFT, LEFT, UP]
#########
#       #
#       #
#  @.   #
#       #
#   @   #
#       #
#########

3681
[DOWN, LEFT, DOWN]
#########
#       #
#       #
#  $    #
#    .  #
#   @@  #
#       #
#########

3681
[UP, LEFT, UP]
#########
#    @  #
#    .  #
#  $    #
#       #
#   @   #
#       #
#########

3681
[RIGHT]
#########
#       #
#       #
#  $  .@#
#       #
#   @   #
#       #
#########

2625
[DOWN, LEFT, DOWN, DOWN, RIGHT]
#########
#       #
#       #
#  $.   #
#   @   #
#   @   #
#       #
#########

2625
[LEFT, DOWN, LEFT]
#########
#       #
# @.    #
#  $    #
#       #
#   @   #
#       #
#########

2625
[RIGHT, DOWN, RIGHT]
#########
#       #
#    .@ #
#  $    #
#       #
#   @   #
#       #
#########

4577
[LEFT, DOWN, LEFT]
#########
#       #
#       #
#  $    #
#@.     #
#   @   #
#       #
#########

4577
[UP]
#########
#       #
#  @    #
#  *    #
#       #
#   @   #
#       #
#########

4577
[RIGHT, DOWN, RIGHT]
#########
#       #
#       #
#  $    #
#   .@  #
#   @   #
#       #
#########

4577
[DOWN, LEFT, DOWN, DOWN, RIGHT]
#########
#       #
#       #
#  $    #
#       #
#  .@   #
#  @    #
#########

4607
[LEFT]
#########
#       #
#       #
#  $    #
#@.     #
#   @   #
#       #
#########

4607
[UP, RIGHT, UP]
#########
#       #
#  @    #
#  *    #
#       #
#   @   #
#       #
#########

4607
[RIGHT, DOWN, RIGHT, RIGHT, UP]
#########
#       #
#       #
#  $    #
#   .@  #
#   @   #
#       #
#########

4607
[DOWN, RIGHT, DOWN]
#########
#       #
#       #
#  $    #
#       #
#  .@   #
#  @    #
#########

3617
[LEFT, DOWN, LEFT]
#########
#       #
#       #
# @*    #
#       #
#   @   #
#       #
#########

3617
[DOWN, LEFT, DOWN, DOWN, RIGHT]
#########
#       #
#       #
#  $    #
#   .   #
#   @   #
#       #
#########

3617
[RIGHT, DOWN, RIGHT]
#########
#       #
#       #
#  $ .@ #
#       #
#   @   #
#       #
#########

3617
[UP]
#########
#   @   #
#   .   #
#  $    #
#       #
#   @   #
#       #
#########

2625
[RIGHT]
#########
#       #
#   .@  #
#  $    #
#       #
#   @   #
#       #
#########

2625
[DOWN, LEFT, DOWN]
#########
#       #
#       #
#  *    #
#  @    #
#   @   #
#       #
#########

2625
[LEFT, DOWN, LEFT, LEFT, UP]
#########
#       #
#@.     #
#  $    #
#       #
#   @   #
#       #
#########

2657
[DOWN, LEFT, DOWN]
#########
#       #
#       #
#  $.   #
#   @   #
#   @   #
#       #
#########

2657
[LEFT, DOWN, LEFT, LEFT, UP]
#########
#       #
# @.    #
#  $    #
#       #
#   @   #
#       #
#########

2657
[RIGHT]
#########
#       #
#    .@ #
#  $    #
#       #
#   @   #
#       #
#########

2591
[RIGHT, DOWN, RIGHT, RIGHT, UP]
#########
#       #
#  .@   #
#  $    #
#       #
#   @   #
#       #
#########

2591
[DOWN, RIGHT, DOWN]
#########
#       #
#       #
# .$    #
# @     #
#   @   #
#       #
#########

3615
[RIGHT, UP, RIGHT]
#########
#       #
#       #
#  *@   #
#       #
#   @   #
#       #
#########

3615
[DOWN]
#########
#       #
#       #
#  $    #
# .     #
# @ @   #
#       #
#########

3615
[UP, LEFT, UP, UP, RIGHT]
#########
# @     #
# .     #
#  $    #
#       #
#   @   #
#       #
#########

3679
[LEFT, UP, LEFT]
#########
#       #
#       #
# @*    #
#       #
#   @   #
#       #
#########

3679
[DOWN]
#########
#       #
#       #
#  $    #
#   .   #
#   @   #
#       #
#########

3679
[RIGHT, UP, RIGHT]
#########
#       #
#       #
#  $ .@ #
#       #
#   @   #
#       #
#########

3679
[UP, LEFT, UP, UP, RIGHT]
#########
#   @   #
#   .   #
#  $    #
#       #
#   @   #
#       #
#########

2623
[RIGHT, DOWN, RIGHT, RIGHT, UP]
#########
#       #
#   .@  #
#  $    #
#       #
#   @   #
#       #
#########

2623
[DOWN, RIGHT, DOWN]
#########
#       #
#       #
#  *    #
#  @    #
#   @   #
#       #
#########

2623
[LEFT]
#########
#       #
#@.     #
#  $    #
#       #
#   @   #
#       #
#########

3647
[LEFT]
#########
#       #
#       #
# @*    #
#       #
#   @   #
#       #
#########

3647
[DOWN, RIGHT, DOWN]
#########
#       #
#       #
#  $    #
#   .   #
#   @   #
#       #
#########

3647
[RIGHT, DOWN, RIGHT, RIGHT, UP]
#########
#       #
#       #
#  $ .@ #
#       #
#   @   #
#       #
#########

3647
[UP, RIGHT, UP]
#########
#   @   #
#   .   #
#  $    #
#       #
#   @   #
#       #
#########

2655
[RIGHT, UP, RIGHT]
#########
#       #
#   .@  #
#  $    #
#       #
#   @   #
#       #
#########

2655
[DOWN]
#########
#       #
#       #
#  *    #
#  @    #
#   @   #
#       #
#########

2655
[LEFT, UP, LEFT]
#########
#       #
#@.     #
#  $    #
#       #
#   @   #
#       #
#########

===================
1727
[LEFT, UP, LEFT]
#########
#    @. #
#       #
#  $    #
#       #
#   @   #
#       #
#########

1695
[LEFT]
#########
#   @.  #
#       #
#  $    #
#       #
#   @   #
#       #
#########

2719
[DOWN, RIGHT, DOWN]
#########
#       #
#    .  #
#  $ @  #
#       #
#   @   #
#       #
#########

3711
[DOWN, RIGHT, DOWN]
#########
#       #
#       #
#  $ .  #
#    @  #
#   @   #
#       #
#########

3647
[LEFT, UP, LEFT]
#########
#       #
#       #
#  @.   #
#       #
#   @   #
#       #
#########

3615
[LEFT, DOWN, LEFT]
#########
#       #
#       #
# @*    #
#       #
#   @   #
#       #
#########

3679
[DOWN, RIGHT, RIGHT, DOWN]
#########
#       #
#       #
#  *    #
#       #
#   @   #
#       #
#########

ULLURURRDRULUULURRDR
